<area shape="rect" id="node1" href="nesg.netattacks.nodes.NA_AttackerAdhocHost.html" title="Compound Module NA_AttackerAdhocHost" alt="" coords="296,83,459,111">
<area shape="rect" id="node2" href="ned.IdealChannel.html" title="Channel IdealChannel" alt="" coords="55,161,153,189">
<area shape="rect" id="node4" href="../../../inet/doc/neddoc/inet.networklayer.IManetRouting.html" title="Module Interface IManetRouting" alt="" coords="177,161,284,189">
<area shape="rect" id="node6" href="nesg.netattacks.attacks.controllers.droppingAttack.NA_DroppingAttack.html" title="Simple Module NA_DroppingAttack" alt="" coords="308,161,447,189">
<area shape="rect" id="node8" href="nesg.netattacks.attacks.controllers.delayAttack.NA_DelayAttack.html" title="Simple Module NA_DelayAttack" alt="" coords="471,161,591,189">
<area shape="rect" id="node10" href="nesg.netattacks.attacks.controllers.sinkholeAttack.NA_SinkholeAttack.html" title="Simple Module NA_SinkholeAttack" alt="" coords="615,161,751,189">
<area shape="rect" id="node12" href="nesg.netattacks.simulations.AttackScenarios.DelayAttackScenario.Delay.html" title="Network Delay" alt="" coords="5,6,77,34">
<area shape="rect" id="node14" href="nesg.netattacks.simulations.AttackScenarios.DroppingAttackScenario.Dropping.html" title="Network Dropping" alt="" coords="101,6,176,34">
<area shape="rect" id="node16" href="nesg.netattacks.simulations.SimpleAttackScenarios.SimpleDelayAttackScenario.SimpleDelay.html" title="Network SimpleDelay" alt="" coords="200,6,296,34">
<area shape="rect" id="node18" href="nesg.netattacks.simulations.SimpleAttackScenarios.SimpleDroppingAttackScenario.SimpleDropping.html" title="Network SimpleDropping" alt="" coords="320,6,435,34">
<area shape="rect" id="node20" href="nesg.netattacks.simulations.SimpleAttackScenarios.SimpleSinkholeAttackScenario.SimpleSinkholeNoRoute.html" title="Network SimpleSinkholeNoRoute" alt="" coords="459,6,621,34">
<area shape="rect" id="node22" href="nesg.netattacks.simulations.SimpleAttackScenarios.SimpleSinkholeAttackScenario.SimpleSinkholeRoute.html" title="Network SimpleSinkholeRoute" alt="" coords="645,6,792,34">
<area shape="rect" id="node24" href="nesg.netattacks.simulations.AttackScenarios.SinkholeAttackScenario.Sinkhole.html" title="Network Sinkhole" alt="" coords="816,6,888,34">
